// Jest Snapshot v1, https://goo.gl/fbAQLP

exports[`Root Matchs snapshot 1`] = `
<div>
  <header>
    <a
      href="/"
      onClick={[Function]}
    >
      Home
    </a>
  </header>
  <main>
    <div>
      <h1>
        Manager Page
      </h1>
      <p>
        Did you get here via Redux?
      </p>
    </div>
  </main>
</div>
`;
