// Jest Snapshot v1, https://goo.gl/fbAQLP

exports[`Loading Matchs snapshot 1`] = `
<div
  className="sc-bwzfXH gTtYPo"
>
  <div
    className="sc-htpNat QFXkF"
  >
    <div
      className="sc-bxivhb eekEAM"
    >
      <div
        className="sc-EHOje diSSTp"
      >
        <div
          className="sc-htoDjs dxoUaj"
        />
        <div
          className="sc-htoDjs dxoUaj"
        />
        <div
          className="sc-htoDjs dxoUaj"
        />
      </div>
      <div
        className="sc-bZQynM eNpBeE"
      >
        <div
          className="sc-dnqmqq iXWRzM"
        />
        <div
          className="sc-dnqmqq iXWRzM"
        />
        <div
          className="sc-dnqmqq iXWRzM"
        />
      </div>
    </div>
    <svg
      version="1.1"
      xmlns="http://www.w3.org/2000/svg"
    >
      <defs>
        <filter
          id="goo"
        >
          <feGaussianBlur
            in="SourceGraphic"
            result="blur"
            stdDeviation="10"
          />
          <feColorMatrix
            in="blur"
            mode="matrix"
            result="goo"
            values="1 0 0 0 0  0 1 0 0 0  0 0 1 0 0  0 0 0 18 -7"
          />
          <feBlend
            in="SourceGraphic"
            in2="goo"
          />
        </filter>
      </defs>
    </svg>
  </div>
</div>
`;
